{
    "seed": 5531594643372972843,
    "samples": [
        {
            "stor": [
                {
                    "tag": "T_option",
                    "contents": [
                        "\u001a\u0001\u000bÚÅÅÇ3u.Ûê§îo,\u0014d\u001b\u0014m\u0000pÒüàù+PÒÑ¥ÑE3£±ôZrÙãâ∂`S",
                        [
                            {
                                "tag": "T_contract",
                                "contents": [
                                    {
                                        "tag": "T_map",
                                        "contents": [
                                            [
                                                "T_bytes",
                                                "HHÒ∏ê∏wÒ≠êà>\u001a9Sb5\u0010%<l1<(M\u0002\u001cN*"
                                            ],
                                            [
                                                {
                                                    "tag": "T_pair",
                                                    "contents": [
                                                        "Ûôá≤Úæ™ÄÚÄ±±)≤Çû2\u0015N1:Ùãµë\u00049\u0004ÙÉ¥ñÒ´õû",
                                                        "i\u0011†è∂Jö≤´\u000b_íìë8 9f",
                                                        [
                                                            {
                                                                "tag": "T_option",
                                                                "contents": [
                                                                    "E`2?pV0\u00040Ú™èú,I\u0008LÙÜàè]xÙÑíñ\u000e@'PTK]Ql",
                                                                    [
                                                                        {
                                                                            "tag": "T_list",
                                                                            "contents": [
                                                                                {
                                                                                    "tag": "T_pair",
                                                                                    "contents": [
                                                                                        "m",
                                                                                        "\u001eG©π≥\u001cÙä∞îbn-dÚÉüÜÔüïQQ;8JB]/&\u0000™∏ÇdÚ•ô∂:v∞ôÄÛñæ¨Ø´íS",
                                                                                        [
                                                                                            {
                                                                                                "tag": "T_key"
                                                                                            },
                                                                                            "ÚæèÅ1'EÒ≤≠âZkmy5π©ïÒàëõ\u000c$bÒñöèWÚü•ñpÚçúΩÒ´ê¶]C"
                                                                                        ],
                                                                                        [
                                                                                            {
                                                                                                "tag": "T_map",
                                                                                                "contents": [
                                                                                                    [
                                                                                                        "T_bool",
                                                                                                        "\u0005ÚêºÆõµúB\u00141\u0018c"
                                                                                                    ],
                                                                                                    [
                                                                                                        {
                                                                                                            "tag": "T_map",
                                                                                                            "contents": [
                                                                                                                [
                                                                                                                    "T_nat",
                                                                                                                    "$Òåúµêê∏Û•∫øxtQ"
                                                                                                                ],
                                                                                                                [
                                                                                                                    {
                                                                                                                        "tag": "T_pair",
                                                                                                                        "contents": [
                                                                                                                            "$ÚæÖ∫ú∂¶oN\u000c\u0005tÙÖ©ÑÚæ´ºZS\u000cÒÉÇàWÚ∫ò≠\u0017\u0007sÒùí•‰åêÏ±∏gÒàóè\u0017",
                                                                                                                            "Û≠úù:\u001f<>(\u001dK)b6;YÚéï∑whD\u001eÒßÆÑ?ÛÅ£™Û™ÑÑ%",
                                                                                                                            [
                                                                                                                                {
                                                                                                                                    "tag": "T_signature"
                                                                                                                                },
                                                                                                                                "2\u0018JÛ¨î¥Û¨ÅçU\u0004\u0003\txÙéÆåÚ≤•äwÒùµ±\u000b\u0013\u0018CÒüëø\u0004ÒÑ´ì\u0017\u0012*y\u0013NÛ™µπ"
                                                                                                                            ],
                                                                                                                            [
                                                                                                                                {
                                                                                                                                    "tag": "T_set",
                                                                                                                                    "contents": [
                                                                                                                                        "T_int",
                                                                                                                                        "\u0006]K\u0011}]Ú∏ì•ÚÅôã\u00056yüΩ†&Ú¢áÑ(8;w\u001f\\\u0004\u00003/hd"
                                                                                                                                    ]
                                                                                                                                },
                                                                                                                                "z1?\u0001evf\u0014\"u¢•ñÛÅ≥π{^\u001b\u0011"
                                                                                                                            ]
                                                                                                                        ]
                                                                                                                    },
                                                                                                                    "<s/ÛöΩóÛõ±Å"
                                                                                                                ]
                                                                                                            ]
                                                                                                        },
                                                                                                        "πÆÅ\nÒ†ôìÒ∫ºßfT\u0014/\u001dK·™ªn\u0000ÚÄ£á)õÆçÚåùº\u0005"
                                                                                                    ]
                                                                                                ]
                                                                                            },
                                                                                            "J\u0012zÙÇΩ∏\rv-KDA\r?nu|Ûñ±û·ÜµÙåßø8W-W≤°Ç∑§ª"
                                                                                        ]
                                                                                    ]
                                                                                },
                                                                                ">ÚåÑµ\\\u001d\\`;}"
                                                                            ]
                                                                        },
                                                                        "55Û∞ôò\u001aK\u0010h:uv"
                                                                    ]
                                                                ]
                                                            },
                                                            "Û†óëÛèôç\u0011\u001eÚû®ÇN\u000b2c8E%/{AX|\u0011"
                                                        ],
                                                        [
                                                            {
                                                                "tag": "T_comparable",
                                                                "contents": "T_timestamp"
                                                            },
                                                            "ÙéÅ¢Ò≠éªÙÇ∂ú\u0004"
                                                        ]
                                                    ]
                                                },
                                                "|`m\"~\u00134^ Ùè∫∫†Æç\u0005\u0018@@l]q"
                                            ]
                                        ]
                                    },
                                    "%õû®i"
                                ]
                            },
                            "OeNÚ∞•¨l\u000c\u0016Ò§∏ªÚΩàÉZ"
                        ]
                    ]
                },
                "\rÛΩ©ïZw%ÚÑà•\u000bN\u0004c\t\u000cÒ¨ÄãÚØ´ªpÛ∫™≤|\u001eDn0ó©år:ûÉπ^z"
            ],
            "para": [
                {
                    "tag": "T_unit"
                },
                "=\u001f6'\t"
            ],
            "code": [
                {
                    "unOp": {
                        "tag": "ADDRESS",
                        "contents": "Ú±©å9XÒ≤õÇÍ≤§\u0015ÛÉª¶J\u001f∂∂ñ1C>)ÒÉßä\u0001"
                    }
                },
                {
                    "unOp": {
                        "tag": "EQ",
                        "contents": "&nÚú¢è§´°Ú¥áïÚãùÅy8\u0005Û∑ùπ9\u000e\u000fÚ©£ÜÛ∑≤ÖÚΩ¶è\\ÙàµªÛåªò!"
                    }
                },
                {
                    "unOp": {
                        "tag": "ADDRESS",
                        "contents": "5M/O"
                    }
                },
                {
                    "unOp": {
                        "tag": "LSL",
                        "contents": "(&\u0010Ûäú¢5\u0019Ú§íÜ\u0014EZ[\u001dÚüç¢\u0017Ú™åû"
                    }
                },
                {
                    "unOp": {
                        "tag": "PAIR",
                        "contents": [
                            "\u0004lÒΩúë\u001bJ|ÛÖ¨ÖïÑ™Òïª∏JT\u0018Òª¶≠:\u0012\u0004NÒüè™",
                            "Hj`/`Ó™úeazM+/ÙãÖâG\u001f\u0017%jhÚπÆãóè∂ci{Ú£±≠ÎØïKg",
                            "L",
                            "Òúà¢\u001f\u0013\u001c\u0014\u0011,`BnBzK!*Ùãç•KM\u0013vöΩëC^,fgJ\u0008"
                        ]
                    }
                },
                {
                    "unOp": {
                        "tag": "NOT",
                        "contents": "7K"
                    }
                }
            ]
        },
        {
            "stor": [
                {
                    "tag": "T_list",
                    "contents": [
                        {
                            "tag": "T_key"
                        },
                        "\u000etÚ∫ª≤1ÒãóºÛí∂°\u0010"
                    ]
                },
                "\"Ú©ºàÛ¨ö™\u0005"
            ],
            "para": [
                {
                    "tag": "T_comparable",
                    "contents": "T_nat"
                },
                "fÒ†ªÉ=[5ÚîòØÛ∂ç™ÚÑ£≤iÚõêÖ*\u00008%\rË¥Ü"
            ],
            "code": [
                {
                    "unOp": {
                        "tag": "ADDRESS",
                        "contents": "eÚÆØ¶d+^\\Úüäù\u000e"
                    }
                },
                {
                    "unOp": {
                        "tag": "CONS",
                        "contents": "(I<‡Ø•:^Òàè©=.YÒµ≠¢´ïÅ∂ª¥'ÚΩØßK=\tÚãúòÒ™µöÒÑíïjKJñπ®"
                    }
                },
                {
                    "unOp": {
                        "tag": "XOR",
                        "contents": "<uÚû©ú%T\u001b\u0015\u001ahHÛ¢ßî2\rH\u0019!\u0002\u0018\u0007!"
                    }
                },
                {
                    "unOp": {
                        "tag": "NEQ",
                        "contents": ""
                    }
                },
                {
                    "unOp": {
                        "tag": "BALANCE",
                        "contents": "•∫•LHuÚ§ª±z\u001ds\u000cVXz´≤êÒ´äéÛüì¨4ù®ò"
                    }
                },
                {
                    "unOp": {
                        "tag": "CHECK_SIGNATURE",
                        "contents": "Ò£ò†E\u001c\u0013%\u0010Ò∏¶∫ÛÇ©ê.]Ú§¶ûÒ¶®ßû≠º\u001a"
                    }
                }
            ]
        },
        {
            "stor": [
                {
                    "tag": "T_pair",
                    "contents": [
                        "\u001dΩ±á\u001fIÚÉÄÄ\u0011R\u000fõ¥≠*\u0005\u0012\u0018ÛöÅ•E~ÚÅ®çÚîòª ^{ÛÅåàÛÜØí",
                        "ÙÑÉÖ9\"9Úó®´)j\u001d\u0003'cÚíÜªÚìäôN¨ÆäxR\u001dÛΩ≤æ\u001bÒ¶â≠",
                        [
                            {
                                "tag": "T_key"
                            },
                            "1i·ÆøMJÒ∫õÜ"
                        ],
                        [
                            {
                                "tag": "T_key"
                            },
                            "PC\"\u000543VbF}\u000e+\u0004Ûöõêòñì"
                        ]
                    ]
                },
                "{Ú¥Üæ4=\rÒ®øø1\u001deÛ°°òC\u0017\u0003\u0006Úã¨Ö\u0018)\u0007NÛ∫µ®Òúá®FÒ∂≥É8\u0006^}3\u0003"
            ],
            "para": [
                {
                    "tag": "T_key"
                },
                "VKV7\u0014_b;d\u0014TB]Ah\u000fÚ∂±à<IbgW`*`"
            ],
            "code": [
                {
                    "unOp": {
                        "tag": "PAIR",
                        "contents": [
                            "Û¥áø Úüç≠\u0004sGîãÜ{da6zmw4",
                            "_j\u0019",
                            "<KxIÚÖ∑±",
                            "ÒÖõä\\*\u0019h•®Ü\rH~\u0007F=Ú§ö§|\u0001f\\aaÚ¢òëÛ´ØΩpH};$Û≥¶¨6."
                        ]
                    }
                },
                {
                    "unOp": {
                        "tag": "COMPARE",
                        "contents": "\u0017"
                    }
                }
            ]
        },
        {
            "stor": [
                {
                    "tag": "T_operation"
                },
                "Òª£∑\u000emzQ\u001d\u0006Ú°§öSRj"
            ],
            "para": [
                {
                    "tag": "T_pair",
                    "contents": [
                        "~ÛÇá†6",
                        "\u0019g_y3õìôD\u0001\u0014xe\u0016^#„ô¢N",
                        [
                            {
                                "tag": "T_list",
                                "contents": [
                                    {
                                        "tag": "T_signature"
                                    },
                                    "\u0007∑±Ñ\u0000"
                                ]
                            },
                            ">\u0012\r\nÚó°Ü5)ilsÚΩúëBÙààöÚºïπI8Úæπ¥DaÚïí¶"
                        ],
                        [
                            {
                                "tag": "T_map",
                                "contents": [
                                    [
                                        "T_address",
                                        "Y\u0013v?Ú™∫™Èâ®Ú∫á≠\u0011JÒïç≥Úã©µÒ°®çÚΩïñcEÚâô∞Y4C\u0011M\u0014∂òç\raq"
                                    ],
                                    [
                                        {
                                            "tag": "T_set",
                                            "contents": [
                                                "T_nat",
                                                "sx}OD\u0015ÒÅ±§uÒè≤¶ÚáúôZs"
                                            ]
                                        },
                                        "Ò¥∂¶Q\u000eO Ú™ßø;*IF\tï™èÛ±æ∫tÒΩπéfn6?u*ZÒÅ©à"
                                    ]
                                ]
                            },
                            "HÚ•ªÆî¨±lÒ≠ù∂Ûéàä45æÖ∏\u0015L\u0002"
                        ]
                    ]
                },
                "ÒÜïòt=Òãºû\u0010}"
            ],
            "code": [
                {
                    "unOp": {
                        "tag": "BALANCE",
                        "contents": "Òïõ™Ùàçõ7Òè∞ã\u0018WDF\u000ea]5!Y'\u0006s^~YÚçÖì\u0001≥Ö´j.K"
                    }
                },
                {
                    "unOp": {
                        "tag": "AMOUNT",
                        "contents": "@ÛæíãÚºµ≠HybÛ≠óì5"
                    }
                },
                {
                    "unOp": {
                        "tag": "GT",
                        "contents": "lW'?\u0008f"
                    }
                }
            ]
        },
        {
            "stor": [
                {
                    "tag": "T_map",
                    "contents": [
                        [
                            "T_timestamp",
                            "$5UÒü®òkT"
                        ],
                        [
                            {
                                "tag": "T_contract",
                                "contents": [
                                    {
                                        "tag": "T_contract",
                                        "contents": [
                                            {
                                                "tag": "T_lambda",
                                                "contents": [
                                                    [
                                                        {
                                                            "tag": "T_option",
                                                            "contents": [
                                                                "3\u0018+THBÛï¢çÒæìÉÚññà0x\u000e",
                                                                [
                                                                    {
                                                                        "tag": "T_unit"
                                                                    },
                                                                    "\na~\tÚ®§ä2#ÛÅ¢ê\u0003Ò´ïã\u0017Òùòìn\u0011@Òã±™ÛÇ¶çÚòï≤.©ñÇ¥âæ*T4ÒÅ∫ø"
                                                                ]
                                                            ]
                                                        },
                                                        "\u000cQ\u0012Òªß©EÒ¢å∞\u0005Òî™û^\u0019•ã∫\u0000:.Ú∏æÜp^0\u0016Û®∑ßWÒìªªaÙâä¶+d8ÛúíæR"
                                                    ],
                                                    [
                                                        {
                                                            "tag": "T_key"
                                                        },
                                                        "o\u0004\u0018\\\u0013\u001cH\u0015a\u0012$!\u001fPÛ¶∂º\rùû™"
                                                    ]
                                                ]
                                            },
                                            "ÍâÆÒµá°\u0005g\n\u001fY\u001b>/BzIXd\u000eAÚ≠≥ûw\u0006oÒúâï]ÛóÉîÒ¥ªΩ\u0019\u0001\u001e"
                                        ]
                                    },
                                    "T\"hÒπô≥\u0005A"
                                ]
                            },
                            "om\u0002lÒ£ë§clD8NÛ†ã≤PQY5=ÛÑ®∏\tzÒá∞°QVR·É∂"
                        ]
                    ]
                },
                "\u00164ªãÇ?\u0002DJV"
            ],
            "para": [
                {
                    "tag": "T_contract",
                    "contents": [
                        {
                            "tag": "T_list",
                            "contents": [
                                {
                                    "tag": "T_operation"
                                },
                                ",P´â¶\t*\nÛ´ø∂tÒ∫ßéÛóüù{Ûß´Æ"
                            ]
                        },
                        "2H„õ¥0¥ø†\u0019\u001bÒµæª\u0019+1Úèº∏\u0001+ÙÉ™êÛ´æØN3BB_Ò•πΩ;\u001dÛöÆΩ`ÒÑßü\u0019\u0018\u000f"
                    ]
                },
                "Ûëó≤w"
            ],
            "code": [
                {
                    "unOp": {
                        "tag": "CONCAT",
                        "contents": "Ò¢òÅ+\u0001e`TûäÅp(9¢üù53Y*Òà°ë2"
                    }
                },
                {
                    "unOp": {
                        "tag": "LEFT",
                        "contents": [
                            "fü¢∫Z",
                            "{@e\u001a",
                            "=<ON´º§3ÙèùÅH?Òç°≤\u001e\\>r",
                            "\u0007:jÒ†ó´",
                            [
                                {
                                    "tag": "T_option",
                                    "contents": [
                                        "N*\u001e\u0006@k,\u0019Î±í*0Úòá†|o0hf9\u0000QY\u0002\u001aWÛ™¨ó6∑ó£F!",
                                        [
                                            {
                                                "tag": "T_set",
                                                "contents": [
                                                    "T_nat",
                                                    "`0\u00027\u001b<;öù•?Ò¶™íHC\u0014±ñù\u0014i\tÚ¢§¥`I9"
                                                ]
                                            },
                                            "Òáå® DAf'Û§çêÓàÆ=Òñ≤Ö;5*x\u0000\u0007KÛ°òÜÒüÄÅinAËäû<&P\u001dÚÑåê"
                                        ]
                                    ]
                                },
                                "ÒöÇâ-@OkÛΩ¢ø\u00198\u0007Ûâ£øÛ≥∑∑,\u0010F\u0019\u0012"
                            ]
                        ]
                    }
                },
                {
                    "unOp": {
                        "tag": "CONCAT",
                        "contents": "Úû∏Æ"
                    }
                },
                {
                    "unOp": {
                        "tag": "CDR",
                        "contents": [
                            "[\nf\u0000\u0005d",
                            "R4h(VBG\u0001\u001az\u001b\u001f\u000b\u001dÒæ©î\t°üõÚâ∑¨j"
                        ]
                    }
                },
                {
                    "unOp": {
                        "tag": "SELF",
                        "contents": "ÒºÉÜ <Òπíß{ \u001c"
                    }
                },
                {
                    "unOp": {
                        "tag": "STEPS_TO_QUOTA",
                        "contents": "k\u0003\u0004"
                    }
                },
                {
                    "unOp": {
                        "tag": "RENAME",
                        "contents": "Ú©ù≤IÚæ©é\u0019ÛáâÆ\u000eÒé∑å2Ò¢û¥Ûî§Ω#úó®ûú≥\u001eÒ≠à†ÚªüîPeB5I\tn"
                    }
                },
                {
                    "unOp": {
                        "tag": "SOME",
                        "contents": [
                            "'t`>Û∞†äIÒÑÅß/Òµñª>\u000bÙäµÅ",
                            "†Ç†\">bg",
                            "\u0018\u0018≠Å´O∏¨ç%0\u001eÒ§èªns¶ßÉ\u0015*F\\fjM*j\u0016\u0019O\u0002Ûº•®Òûå§r\u001b"
                        ]
                    }
                },
                {
                    "unOp": {
                        "tag": "NEG"
                    }
                },
                {
                    "unOp": {
                        "tag": "SLICE",
                        "contents": "Òááàw\u0003\u000eA3mÛë±®q\u0014VkAHd\u0015\ta7zgaH\u0019ÛØÇÉ)0Vìü∑"
                    }
                },
                {
                    "unOp": {
                        "tag": "INT",
                        "contents": "R\u0011]DNÚäú§\u0018)7qzU8Úâ∏ì=T_ñüπ\u001e\u001aìÜãÒ±ã≥6"
                    }
                },
                {
                    "unOp": {
                        "tag": "MUL",
                        "contents": "\u000e8\u001cFoÒ∫≥õT"
                    }
                },
                {
                    "unOp": {
                        "tag": "SOME",
                        "contents": [
                            "p\u0015LX\u0008'h\u0014?S",
                            "d",
                            "q4Ú∏üêó≥âFÒ≠ãìJ;ÙÄØØ\u0007fC9j\u0012\\ÚãÑ•\u0008ic‰πç8\u0016zXÛ•ß†"
                        ]
                    }
                },
                {
                    "unOp": {
                        "tag": "IF_NONE",
                        "contents": [
                            [
                                {
                                    "unOp": {
                                        "tag": "CONS",
                                        "contents": "9\\Ûóïùk\u00103Y.nE•´ÑÚå≤öÛôÖåÒæêê#>4'JÒôõ≠Tj\u000fj"
                                    }
                                },
                                {
                                    "unOp": {
                                        "tag": "PACK",
                                        "contents": "WM\u001d\u0015t4Û††§H)"
                                    }
                                },
                                {
                                    "unOp": {
                                        "tag": "SHA256",
                                        "contents": "H~ÙÉêö™∫©/\u0001h|"
                                    }
                                }
                            ],
                            []
                        ]
                    }
                },
                {
                    "unOp": {
                        "tag": "ADD",
                        "contents": "Ùå∞øÛß∞∑"
                    }
                },
                {
                    "unOp": {
                        "tag": "PAIR",
                        "contents": [
                            "U",
                            "\u001an\u0005ÚÑ•ßSAn\u001cπΩö&Û∂ÖúÒåπ§\u001dF)Vz\u0005~\u00073",
                            "Úæ≤ºNj\u001chU\u0006)\u0017GÚãñºpcÛÅ®éÒ®∂å•êª",
                            "\u0016KËÖø\u0007\\;Ûü´Ñ\u0006fNÒßùΩÒ≠ù´\u000crÒÑï±•êàQfb"
                        ]
                    }
                },
                {
                    "unOp": {
                        "tag": "SIZE",
                        "contents": "ZHÚ∞¥®/E{0U9'sJn\u001cÚ™∑ã'!2ÛÄøÇ."
                    }
                }
            ]
        }
    ]
}