{
    "seed": 8828657017292857877,
    "samples": [
        [
            {
                "tag": "ValueFalse"
            },
            {
                "tag": "ValueUnit"
            }
        ],
        [
            {
                "tag": "ValueRight",
                "contents": {
                    "tag": "ValueNone"
                }
            },
            {
                "tag": "ValueString",
                "contents": "S 𾲬1}\u0014["
            }
        ],
        [
            {
                "tag": "ValueSeq",
                "contents": [
                    {
                        "tag": "ValueFalse"
                    },
                    {
                        "tag": "ValueLambda",
                        "contents": [
                            {
                                "unOp": {
                                    "tag": "BLAKE2B",
                                    "contents": "񦳫󃽁Xu񠯨Q{󺃂]{K𣴹U8򢙮.:\"\u0004􂎿\u0015U򐈂X1dT񊩊v\n"
                                }
                            },
                            {
                                "unOp": {
                                    "tag": "NOT",
                                    "contents": "\u000fE/G񧕣*1򔾤񉩭KC"
                                }
                            }
                        ]
                    },
                    {
                        "tag": "ValueTrue"
                    }
                ]
            },
            {
                "tag": "ValueInt",
                "contents": 13
            }
        ],
        [
            {
                "tag": "ValueFalse"
            },
            {
                "tag": "ValueNone"
            }
        ],
        [
            {
                "tag": "ValuePair",
                "contents": [
                    {
                        "tag": "ValueNone"
                    },
                    {
                        "tag": "ValueNone"
                    }
                ]
            },
            {
                "tag": "ValueTrue"
            }
        ]
    ]
}