{
    "seed": -5841724642384503195,
    "samples": [
        {
            "tag": "NOP",
            "contents": {
                "tag": "STACKTYPE",
                "contents": {
                    "tag": "StkRest"
                }
            }
        },
        {
            "tag": "COMPARE",
            "contents": "f.D\n\u0001\u0002W\u0014Òßøµ\u00179Ûù£©XXT"
        },
        {
            "tag": "IMPLICIT_ACCOUNT",
            "contents": "2ê±ÖÂÉ∑ÛÆã∏df\u001bB"
        },
        {
            "tag": "SHA512",
            "contents": "DÍµ∏ÒªΩ∑AÛØùó<Úüæ∑\u0017\u001d"
        },
        {
            "tag": "LSR",
            "contents": "\u0012q1Ûá®Ø1_†è≤Û∏ÆèF‰™âS\u0006~6"
        }
    ]
}