{
    "seed": 2631694870383515920,
    "samples": [
        {
            "tag": "UNPACK",
            "contents": [
                "󷳧D\u001b<2򇾇9󘶘 \t򉔓\u0005𫙚O򞐗",
                [
                    {
                        "tag": "TSignature"
                    },
                    "^𛧋)\u0012򑆭皠򔙩\u0005*\u00173\n򫀯񶈳'2S󅁏;m"
                ]
            ]
        },
        {
            "tag": "SOURCE",
            "contents": "k𫚔񞦌𰮷\u0001fV򃚖?&\\X맧󷰱oRpS\n"
        },
        {
            "tag": "NOT",
            "contents": "%\u001aU%}\u0003}\r~򎇈\u0017󂏊󱫫*\u000e(."
        },
        {
            "tag": "UNIT",
            "contents": [
                "sjH\u000e򍓅𸣠xSa򉙷𷖨|󷞯=!",
                "\u0004eB󼶔D񧑀\u0015s񴚪;.𤱗g𪬩`"
            ]
        },
        {
            "tag": "CONTRACT",
            "contents": [
                "/^𒶓\u0015\u0006(4P򪚸c\\3",
                [
                    {
                        "tag": "TLambda",
                        "contents": [
                            [
                                {
                                    "tag": "Tc",
                                    "contents": "CNat"
                                },
                                "6\u001d𹘒\u0019\u000f)"
                            ],
                            [
                                {
                                    "tag": "TContract",
                                    "contents": [
                                        {
                                            "tag": "TContract",
                                            "contents": [
                                                {
                                                    "tag": "TOperation"
                                                },
                                                "O\u0016(j,\u0008L𢘒\r8𗓾5}T򫰈\u0003X𼛁\u00180"
                                            ]
                                        },
                                        "򄙀񰔫򝫸B􏛟󓬩D𹌓O2񤐿"
                                    ]
                                },
                                "QcL󽍦{\u0006\u001fe񨑢+"
                            ]
                        ]
                    },
                    "𿈱𭋯d򄩳񤋍\u0012A-\u0014g(.V"
                ]
            ]
        }
    ]
}