{
    "seed": -8089488952448854196,
    "samples": [
        {
            "unOp": {
                "tag": "PUSH",
                "contents": [
                    "󜵲<9QPr_񣤪qVz~J\u001dqH󘙜",
                    [
                        {
                            "tag": "T_unit"
                        },
                        "=\u0002|!𔕒X"
                    ],
                    {
                        "tag": "ValueLeft",
                        "contents": {
                            "tag": "ValueFalse"
                        }
                    }
                ]
            }
        },
        {
            "unOp": {
                "tag": "COMPARE",
                "contents": "\u000e񷞳LPୈ8\u0001󽤭񣌨񊴧h^\u0012񩆯\u0006%񉞒򙾼\n\u001e󷶣AR\u0002񶁛"
            }
        },
        {
            "unOp": {
                "tag": "NIL",
                "contents": [
                    "w\u000b=\u0016)􅖩1𷤔~r򰠜\u0000",
                    "\u0004񴩧3\nx𷨿󄜈\u0017򏇇\u0006?",
                    [
                        {
                            "tag": "T_set",
                            "contents": [
                                "T_bytes",
                                "\u0019󣥫$\u0013&l\u0013{\n!P󃷫,\u000fJ󯘩xxL\u0002=\u0003[\u0014&@x󃡽"
                            ]
                        },
                        ")󢑒N]*𢿯񣇏򺒽󮬎򞖴V\u0006|)򑂺7\u0002g򳓪\u0019G"
                    ]
                ]
            }
        },
        {
            "unOp": {
                "tag": "ADDRESS",
                "contents": "@HSRq򢰵hUG77\u0017L񑉠jd򝒸\u0003J\u0004"
            }
        },
        {
            "unOp": {
                "tag": "DUP",
                "contents": "\u0018񱼥~\u0005C󿞖\u0013\u0010\u0010Jr񩯖\"/\u0005G౷|V\u0016G\u0004񾢆V~򝒽|"
            }
        }
    ]
}