{
    "seed": -2070916657685388811,
    "samples": [
        {
            "unOp": {
                "tag": "SOME",
                "contents": [
                    "m񈗒'r򭿄\u0018\u000c\t\\A\u0014򁦦v\u001c3\\+񭥕󕱩\u001c?G󒼆Dt*񄭱󑜟\"`",
                    "\u0016(\u0015\u0006󦆔PFaV򟫶𭐙!jL@G񣵐񧘢",
                    "򚣐7\u001ed\\A𽱖\u0015n\u0013l𯮰}\u001dYv\"򸺶\u001e&􄄤\u001fMy𩠈"
                ]
            }
        },
        {
            "unOp": {
                "tag": "SWAP"
            }
        },
        {
            "unOp": {
                "tag": "MAP",
                "contents": [
                    "򭥊1\nS\u0006@/\u0012񓇩򠘉d􀈷,A8L)G\"񨾷l\re󳒄t񪂯햎",
                    [
                        {
                            "unOp": {
                                "tag": "NONE",
                                "contents": [
                                    "",
                                    "򚬔\u001dD\"\u0000l\u0008\u0019񗬲p\u0011",
                                    "򏯺\u001b1򔔉򋵈.y_!m󈱨:򺦍\u0001񟠟/'𷼏\tI",
                                    [
                                        {
                                            "tag": "T_set",
                                            "contents": [
                                                "T_bool",
                                                "@@򦆖\u0008zP򍆉C\u000bik\u001b"
                                            ]
                                        },
                                        "$Oa򿃩[\u000c𼇀󃱄geE󁗰"
                                    ]
                                ]
                            }
                        },
                        {
                            "unOp": {
                                "tag": "LT",
                                "contents": "񦃰򘂫"
                            }
                        }
                    ]
                ]
            }
        },
        {
            "unOp": {
                "tag": "NOP",
                "contents": {
                    "tag": "STACKTYPE",
                    "contents": {
                        "tag": "StkRest"
                    }
                }
            }
        },
        {
            "unOp": {
                "tag": "IF_CONS",
                "contents": [
                    [
                        {
                            "unOp": {
                                "tag": "LSR",
                                "contents": "\"\u001bU"
                            }
                        }
                    ],
                    []
                ]
            }
        }
    ]
}