{
    "seed": -2498050865098810815,
    "samples": [
        {
            "unOp": {
                "tag": "ADD",
                "contents": "\u0012x&fyÚ¢´∏ARuKqÛÇæïOÒáÜÄÒõß∞g¥ÆÑ\u0008\u001b\"\nÚΩèº\u0002QHÒÅ≥üT*"
            }
        },
        {
            "unOp": {
                "tag": "AND",
                "contents": "Úº∞®4]û≠¨\u001f^Ò≤æíEQtHÒäç´ÚÇ§ë^bCiNcf"
            }
        },
        {
            "unOp": {
                "tag": "IF_CONS",
                "contents": [
                    [
                        {
                            "unOp": {
                                "tag": "PACK",
                                "contents": "\u0008Û≥íì9:ÚÑΩ±"
                            }
                        }
                    ],
                    [
                        {
                            "unOp": {
                                "tag": "ADD",
                                "contents": "\u0000ïëÆNuL\u001e™≥òF>\u0019\u001f2c3ìáª\u0017\""
                            }
                        },
                        {
                            "unOp": {
                                "tag": "NIL",
                                "contents": [
                                    "ËÑπT2S\u0015~\u0000\rÚáÅ∞xÚöΩ≠\u000fpbÛ¢∞Éd2\u0005eÚäåÅ",
                                    "$ôÇßÒø™¥ù∞∏C3\u0005V\u0014!n",
                                    [
                                        {
                                            "tag": "TOperation"
                                        },
                                        "ÚÜ©≤^Z\u0003\u001c\u0010t\u0013+x"
                                    ]
                                ]
                            }
                        },
                        {
                            "unOp": {
                                "tag": "LOOP",
                                "contents": [
                                    {
                                        "unOp": {
                                            "tag": "DUP",
                                            "contents": "3Ë´óx[|V\u0002~\u0013`WÒóïæSª°ï\u0004"
                                        }
                                    },
                                    {
                                        "unOp": {
                                            "tag": "GET",
                                            "contents": ";*\u0018\rwn|\u0011y.ÛÉíô]∫òâc\u0000E\u0000=\u0011]\u000chÛ¶îáÚìªøóñÇ"
                                        }
                                    },
                                    {
                                        "unOp": {
                                            "tag": "NIL",
                                            "contents": [
                                                "x\u0017Lv+\u0011}>\u0016bÛΩã≥+Ûå∑áPN \r!KÛ∑§ß\u000cjÛ¥ÄêOH",
                                                "-D\u0004Ùàáñ\u0011R\u001b#-:\u0008FB\u0014\u0010",
                                                [
                                                    {
                                                        "tag": "TSignature"
                                                    },
                                                    "Ú¨≥µ0g^Úí≥ØIÚ∏ÉµÒ§å∫B"
                                                ]
                                            ]
                                        }
                                    }
                                ]
                            }
                        }
                    ]
                ]
            }
        },
        {
            "unOp": {
                "tag": "EDIV",
                "contents": "MMLÚò¢âÛºêá\u0004\thk~3?Û°Äé\u0012XÚç¢¢\u000bUüÇçÒè∏ßMÚüµíO*M\u001fmÚ´º¶-"
            }
        },
        {
            "unOp": {
                "tag": "FAILWITH"
            }
        }
    ]
}